rolling out 12 tasks x 4 samples with sample-policy-v2 (http://127.0.0.1:18091/v1) into runs/r002
[1/48] go-jsonpath/2 ok pass=false score=0.000
[2/48] go-jsonpath/3 ok pass=false score=0.000
[3/48] go-jsonpath/1 ok pass=false score=0.000
[4/48] go-jsonpath/0 ok pass=true score=1.000
[5/48] go-lru/0 ok pass=true score=1.000
[6/48] go-lru/1 ok pass=true score=1.000
[7/48] go-lru/3 ok pass=true score=1.000
[8/48] go-lru/2 ok pass=true score=1.000
[9/48] go-ratelimit/0 ok pass=true score=1.000
[10/48] go-ratelimit/1 ok pass=false score=0.000
[11/48] go-ratelimit/2 ok pass=true score=1.000
[12/48] go-ratelimit/3 ok pass=true score=1.000
[13/48] go-wordfreq/0 ok pass=true score=1.000
[14/48] js-csv/0 ok pass=true score=1.000
[15/48] js-csv/1 ok pass=false score=0.000
[16/48] js-csv/2 ok pass=false score=0.000
[17/48] js-csv/3 ok pass=false score=0.000
[18/48] js-eventemitter/0 ok pass=false score=0.000
[19/48] js-eventemitter/1 ok pass=true score=1.000
[20/48] go-wordfreq/1 ok pass=true score=1.000
[21/48] js-eventemitter/2 ok pass=true score=1.000
[22/48] js-eventemitter/3 ok pass=true score=1.000
[23/48] js-slugify/0 ok pass=true score=1.000
[24/48] js-slugify/1 ok pass=false score=0.000
[25/48] js-slugify/2 ok pass=true score=1.000
[26/48] py-ini/0 ok pass=true score=1.000
[27/48] js-slugify/3 ok pass=true score=1.000
[28/48] go-wordfreq/2 ok pass=true score=1.000
[29/48] py-ini/1 ok pass=true score=1.000
[30/48] py-ini/2 ok pass=true score=1.000
[31/48] go-wordfreq/3 ok pass=true score=1.000
[32/48] py-ini/3 ok pass=true score=1.000
[33/48] py-intervals/2 ok pass=false score=0.000
[34/48] py-intervals/0 ok pass=true score=1.000
[35/48] py-intervals/1 ok pass=true score=1.000
[36/48] py-intervals/3 ok pass=false score=0.000
[37/48] py-roman/0 ok pass=true score=1.000
[38/48] py-roman/1 ok pass=true score=1.000
[39/48] py-roman/2 ok pass=true score=1.000
[40/48] py-roman/3 ok pass=false score=0.000
[41/48] rs-bitset/0 ok pass=true score=1.000
[42/48] rs-bitset/1 ok pass=true score=1.000
[43/48] rs-bitset/3 ok pass=false score=0.000
[44/48] rs-bitset/2 ok pass=true score=1.000
[45/48] rs-rpn/0 ok pass=true score=1.000
[46/48] rs-rpn/1 ok pass=true score=1.000
[47/48] rs-rpn/3 ok pass=true score=1.000
[48/48] rs-rpn/2 ok pass=true score=1.000
next: sleipnir rl export runs/r002 --format steps -o data.jsonl
